........................................................................ [  2%]
........................................................................ [  4%]
........................................................................ [  7%]
........................................................................ [  9%]
........................................................................ [ 11%]
........................................................................ [ 14%]
........................................................................ [ 16%]
........................................................................ [ 19%]
........................................................................ [ 21%]
........................................................................ [ 23%]
........................................................................ [ 26%]
........................................................................ [ 28%]
........................................................................ [ 31%]
...................................................ssssssss............. [ 33%]
........................................................................ [ 35%]
........................................................................ [ 38%]
........................................................................ [ 40%]
........................................................................ [ 42%]
........................................................................ [ 45%]
........................................................................ [ 47%]
........................................................................ [ 50%]
........................................................................ [ 52%]
........................................................................ [ 54%]
........................................................................ [ 57%]
........................................................................ [ 59%]
........................................................................ [ 62%]
........................................................................ [ 64%]
........................................................................ [ 66%]
........................................................................ [ 69%]
........................................................................ [ 71%]
........................................................................ [ 74%]
........................................................................ [ 76%]
........................................................................ [ 78%]
........................................................................ [ 81%]
........................................................................ [ 83%]
........................................................................ [ 85%]
........................................................................ [ 88%]
........................................................................ [ 90%]
........................................................................ [ 93%]
........................................................................ [ 95%]
........................................................................ [ 97%]
...............................................................          [100%]
=========================== short test summary info ============================
SKIPPED [1] tests/unit/test_envscaler_oracle.py:87: needs the pinned EnvScaler corpus
SKIPPED [4] tests/unit/test_envscaler_oracle.py:98: needs the pinned EnvScaler corpus
SKIPPED [1] tests/unit/test_envscaler_oracle.py:113: needs the pinned EnvScaler corpus
SKIPPED [1] tests/unit/test_envscaler_oracle.py:124: needs the pinned EnvScaler corpus
SKIPPED [1] tests/unit/test_envscaler_oracle.py:141: needs the pinned EnvScaler corpus
3007 passed, 8 skipped in 286.84s (0:04:46)
