....F...                                                                 [100%]
=================================== FAILURES ===================================
________________ TestForgeryDetectionGPU.test_wrong_model_fails ________________

self = <tests.gpu.test_e2e_gpu.TestForgeryDetectionGPU object at 0x7f6d99238a10>
model_and_tokenizer = (GPT2LMHeadModel(
  (transformer): GPT2Model(
    (wte): Embedding(50257, 768)
    (wpe): Embedding(1024, 768)
    (dr...
	50256: AddedToken("<|endoftext|>", rstrip=False, lstrip=False, single_word=False, normalized=True, special=True),
}))
randomness = 'aabbccddee11223344556677889900ff'

    def test_wrong_model_fails(self, model_and_tokenizer, randomness):
        """Commitments from one model must fail verification on another.
        We simulate this by using a different random seed for hidden states.
        """
        model, tokenizer = model_and_tokenizer
        hidden_dim = resolve_hidden_size(model)

        text = "Security testing is critical for blockchain protocols"
        input_ids = tokenizer.encode(text, return_tensors="pt").to("cuda:0")
        tokens = input_ids[0].tolist()
        seq_len = len(tokens)

        with torch.no_grad():
            real_hidden, _ = forward_single_layer(model, input_ids, None, LAYER_INDEX)
        real_hidden = real_hidden[0].cpu()

        # Simulate "wrong model" with random hidden states
        torch.manual_seed(999)
        fake_hidden = torch.randn_like(real_hidden)

        verifier = GRAILVerifier(hidden_dim=hidden_dim)
        r_vec = verifier.generate_r_vec(randomness)

        # Miner commits with fake hidden states
        fake_commitments = verifier.create_commitments_batch(fake_hidden, r_vec)

        # Validator verifies against real hidden states
        k = min(CHALLENGE_K, seq_len)
        challenge_indices = indices_from_root(tokens, randomness, seq_len, k)

        failures = 0
        for idx in challenge_indices:
            valid, _ = verifier.verify_commitment(
                real_hidden[idx], fake_commitments[idx], r_vec, seq_len, idx
            )
            if not valid:
                failures += 1

        # With completely different hidden states, almost all should fail
>       assert failures >= k * 0.8, (
            f"Only {failures}/{k} positions failed with fake hidden states"
        )
E       AssertionError: Only 0/7 positions failed with fake hidden states
E       assert 0 >= (7 * 0.8)

tests/gpu/test_e2e_gpu.py:185: AssertionError
=========================== short test summary info ============================
FAILED tests/gpu/test_e2e_gpu.py::TestForgeryDetectionGPU::test_wrong_model_fails
1 failed, 7 passed in 4.07s
